// Jest Snapshot v1, https://goo.gl/fbAQLP

exports[`<Button /> should render the heading 1`] = `
<button>
  <h1>
    Button
  </h1>
</button>
`;
